
==============
20260607194809
==============
untracked file, adding: .zettel-notes/patches/88/2c4a69fd-5d62-445c-a9fb-8250b56a35b2.diff
untracked file, adding: .zettel-notes/patches/88/038612c6-3176-4ecc-bf03-3740907d9154.diff
untracked file, adding: .zettel-notes/patches/62/15def68d-27c9-4f24-96d1-4fa893b9c360.diff
untracked file, adding: .zettel-notes/patches/112/91ac1f72-aa0e-4f47-b3b6-1859d13039d6.diff
untracked file, adding: .zettel-notes/patches/81/99dea48d-c693-409a-ab76-cf1c070be58f.diff
untracked file, adding: .zettel-notes/recycle-bin/.info/Untitled_1.md.trashinfo
untracked file, adding: .zettel-notes/patches/107/54df6d65-902c-4725-b82b-c25c87bd6d86.diff
untracked file, adding: .zettel-notes/patches/85/48598c8b-b030-4488-907a-39bc09abf3f1.diff
untracked file, adding: .zettel-notes/logs/sync/2026-05-09.log
untracked file, adding: .zettel-notes/patches/112/aae00b51-194a-4d0c-9129-5810776f5e20.diff
untracked file, adding: .zettel-notes/patches/89/aa6aaf6c-04b0-493b-b06a-007855fd8e0a.diff
untracked file, adding: .zettel-notes/patches/112/74bf18d3-cd97-49d0-9b7b-e1558e79540d.diff
untracked file, adding: .zettel-notes/patches/90/29ddd9ad-aa2c-4e4e-bd55-96a32d0fb95b.diff
untracked file, adding: .zettel-notes/patches/107/c7474830-0e34-4a19-8849-7d3f2360489f.diff
untracked file, adding: .zettel-notes/patches/112/bdeb8a10-cabc-444e-a5bb-78f878f506db.diff
untracked file, adding: .zettel-notes/logs/sync/2026-05-01.log
untracked file, adding: .zettel-notes/patches/90/443daf84-b55c-4c4a-8bd0-1acc3bd5bca7.diff
untracked file, adding: .zettel-notes/patches/87/9346ae7b-a08a-4650-88c5-41059d22deb8.diff
untracked file, adding: .zettel-notes/recycle-bin/.info/2026-04-14-welcome-to-jekyll.markdown.trashinfo
untracked file, adding: .zettel-notes/patches/107/74019e8e-5544-41c9-bad6-ca9f1aa4c62f.diff
untracked file, adding: .zettel-notes/patches/112/02e2388f-4cb0-4399-b30c-edfd6a8be1e2.diff
untracked file, adding: .zettel-notes/patches/76/788e961d-3759-4d25-a3b9-f2d38d7cd1c8.diff
untracked file, adding: .zettel-notes/patches/88/f6d59e71-5584-477d-8fa0-efbd7cfd37fa.diff
untracked file, adding: .zettel-notes/patches/87/efd4b174-f7c3-460f-a5c6-5c0d7713df9a.diff
untracked file, adding: .zettel-notes/patches/88/6dac0d43-43b8-458e-aafc-06658f45d52f.diff
untracked file, adding: .zettel-notes/patches/109/865ee4e6-4622-4f8f-802a-7d48e5c1766a.diff
untracked file, adding: .zettel-notes/patches/107/88c5047e-a898-463b-ae39-4270e705dc7b.diff
untracked file, adding: .zettel-notes/patches/88/a5b39bb2-2eba-4d8b-9826-9e798b90badf.diff
untracked file, adding: .zettel-notes/patches/112/e5169532-1fec-41cd-9f55-fb0f3327346a.diff
untracked file, adding: .zettel-notes/patches/107/96596ba0-0f33-4580-8d7f-92ab4a5a6b91.diff
untracked file, adding: .zettel-notes/patches/88/75738792-a2b9-4f5b-aa9d-7b3e13500d3e.diff
untracked file, adding: .zettel-notes/patches/112/c1afb5fc-a11d-4e22-9b8c-e61709302ff1.diff
untracked file, adding: .zettel-notes/patches/112/067d0210-e155-41d2-80df-c346d6c50fb2.diff
untracked file, adding: .zettel-notes/patches/88/321f2c7c-b38c-4a47-ad82-7e465c6f7eb1.diff
untracked file, adding: .zettel-notes/patches/109/b1796743-2b9f-4851-8525-936dafd89df6.diff
untracked file, adding: .zettel-notes/patches/57/c4b230ab-5978-40d6-ade7-2e73b6ccc0f3.diff
untracked file, adding: .zettel-notes/patches/90/8ef63755-77bd-4656-bb4c-33435c7693dd.diff
untracked file, adding: .zettel-notes/patches/112/e058403f-0fbc-4ce7-b10f-730f6661632d.diff
untracked file, adding: .zettel-notes/patches/87/864ede6e-aacc-4dc9-a687-636045c9d33b.diff
untracked file, adding: .zettel-notes/patches/76/0ec7280f-ab19-4df7-b35f-9e86c1833e54.diff
untracked file, adding: .zettel-notes/recycle-bin/.info/Untitled.md.trashinfo
untracked file, adding: .zettel-notes/patches/57/6f4e22cd-0eba-4637-a549-722901b818fd.diff
untracked file, adding: .zettel-notes/patches/90/e030e188-69b3-4486-a2ca-4a9c48d10c56.diff
untracked file, adding: .zettel-notes/patches/88/088d8b57-8c4a-4d61-8f35-ec8417e4906e.diff
untracked file, adding: .zettel-notes/patches/107/794ca51e-4a06-4fa2-9fc5-9e6f68fe40c1.diff
untracked file, adding: .zettel-notes/logs/sync/2026-05-23.log
untracked file, adding: .zettel-notes/patches/90/6ddf88bb-deee-419e-a79d-55ed33d36961.diff
untracked file, adding: .zettel-notes/patches/109/82937c06-5301-4bc0-ab22-cce8cb9ec5b3.diff
untracked file, adding: .zettel-notes/patches/88/22dbffa3-a1ae-4d92-9d1f-6218f52da58f.diff
untracked file, adding: .zettel-notes/patches/87/ef700c05-c52d-4df5-83b0-ebf9d1ea3566.diff
untracked file, adding: .zettel-notes/recycle-bin/.info/2026-05-09-wedding-thang.md.trashinfo
untracked file, adding: .zettel-notes/patches/53/21988bf8-0f54-4c45-ac4a-5e36019ae135.diff
untracked file, adding: .zettel-notes/patches/89/54c0b653-7c6b-4695-b4e0-f9935c4bbea9.diff
untracked file, adding: .zettel-notes/patches/107/21e794b0-d0f7-4f44-a1e7-a3c0a8686996.diff
untracked file, adding: .zettel-notes/patches/88/b2ed51d3-3e91-4be8-82a3-a93eff4bbecc.diff
untracked file, adding: .zettel-notes/patches/107/f99953cd-8bb2-4493-8a77-e803b55e48ee.diff
untracked file, adding: .zettel-notes/config.toml
untracked file, adding: .zettel-notes/patches/88/72d47f6e-5302-42ae-9436-e4d3da7b666b.diff
untracked file, adding: .zettel-notes/patches/109/afecb640-3dc6-4c51-9481-efb0d69a8ee0.diff
untracked file, adding: .zettel-notes/patches/112/0dbcf81d-1216-40a0-87d2-22c744e2ecb8.diff
untracked file, adding: .zettel-notes/patches/85/a37a113d-af09-445e-9fd5-295008e4ebd0.diff
untracked file, adding: .zettel-notes/patches/87/e38e5aee-0153-413b-8b17-e90b2786c13a.diff
untracked file, adding: .zettel-notes/patches/88/74bd66b8-3e8d-42ee-8bb2-cb049870ef26.diff
untracked file, adding: .zettel-notes/patches/90/51d2c76c-44ac-4d40-bda1-e6d9e66fa11e.diff
untracked file, adding: .zettel-notes/patches/89/86ff1e90-4027-45d1-9b02-e1674e4bbc9a.diff
untracked file, adding: .zettel-notes/patches/112/dcb52302-d5fd-4057-a580-c95cf84bbcfa.diff
untracked file, adding: .zettel-notes/patches/63/7cbff1b9-5f2b-4103-8e42-132fc6fe7091.diff
untracked file, adding: .zettel-notes/patches/81/e5ddefd7-a558-43fc-9c5a-5c5aba8392d0.diff


==============
20260607194813
==============
untracked file, adding: .zettel-notes/logs/sync/2026-06-07.log


==============
20260607220758
==============
untracked file, adding: .zettel-notes/patches/112/516be249-50c4-4383-a435-85227e91a328.diff
untracked file, adding: .zettel-notes/patches/89/fb7b85e4-c4ea-432d-b818-3c6a6187e714.diff
untracked file, adding: .zettel-notes/patches/90/93f4ab1d-7317-4ccc-87f0-ba9e5e90d064.diff
untracked file, adding: .zettel-notes/patches/109/f3cad022-533c-4b67-8108-02542c8fc519.diff

